// Jest Snapshot v1, https://goo.gl/fbAQLP

exports[`prueba SearchPage debe de mostrarse correctamente con valores por def 1`] = `<div />`;
